// Jest Snapshot v1, https://goo.gl/fbAQLP

exports[`matches a Box snapshot 1`] = `
<DocumentFragment>
  <div>
    <div
      data-testid="1"
      style="background-color: rgb(255, 255, 255); width: 600px; height: 500px;"
    />
    <button>
      X
    </button>
  </div>
</DocumentFragment>
`;
